[     186ms] [INFO] %cDownload the React DevTools for a better development experience: https://react.dev/link/react-devtools font-weight:bold @ http://localhost:3001/_next/static/chunks/0yiu_next_dist_1j7u_zs._.js:2477
[     238ms] [LOG] [HMR] connected @ http://localhost:3001/_next/static/chunks/0yiu_next_dist_1j7u_zs._.js:2477
[   37159ms] [LOG] [Fast Refresh] rebuilding @ http://localhost:3001/_next/static/chunks/0yiu_next_dist_1j7u_zs._.js:2477
[   37221ms] [LOG] [Fast Refresh] done in 163ms @ http://localhost:3001/_next/static/chunks/0yiu_next_dist_1j7u_zs._.js:2477
[   40940ms] [LOG] [Fast Refresh] rebuilding @ http://localhost:3001/_next/static/chunks/0yiu_next_dist_1j7u_zs._.js:2477
[   41053ms] [LOG] [Fast Refresh] done in 215ms @ http://localhost:3001/_next/static/chunks/0yiu_next_dist_1j7u_zs._.js:2477
[   60216ms] [LOG] [Fast Refresh] rebuilding @ http://localhost:3001/_next/static/chunks/0yiu_next_dist_1j7u_zs._.js:2477
[   60330ms] [LOG] [Fast Refresh] done in 216ms @ http://localhost:3001/_next/static/chunks/0yiu_next_dist_1j7u_zs._.js:2477
[   61005ms] [LOG] [Fast Refresh] rebuilding @ http://localhost:3001/_next/static/chunks/0yiu_next_dist_1j7u_zs._.js:2477
[   61085ms] [LOG] [Fast Refresh] done in 181ms @ http://localhost:3001/_next/static/chunks/0yiu_next_dist_1j7u_zs._.js:2477
[   63077ms] [LOG] [Fast Refresh] rebuilding @ http://localhost:3001/_next/static/chunks/0yiu_next_dist_1j7u_zs._.js:2477
[   63183ms] [LOG] [Fast Refresh] done in 209ms @ http://localhost:3001/_next/static/chunks/0yiu_next_dist_1j7u_zs._.js:2477
[   63292ms] [LOG] [Fast Refresh] rebuilding @ http://localhost:3001/_next/static/chunks/0yiu_next_dist_1j7u_zs._.js:2477
[   63340ms] [LOG] [Fast Refresh] done in 149ms @ http://localhost:3001/_next/static/chunks/0yiu_next_dist_1j7u_zs._.js:2477
[   83306ms] [LOG] [Fast Refresh] rebuilding @ http://localhost:3001/_next/static/chunks/0yiu_next_dist_1j7u_zs._.js:2477
[   83343ms] [LOG] [Fast Refresh] done in 139ms @ http://localhost:3001/_next/static/chunks/0yiu_next_dist_1j7u_zs._.js:2477
[   83454ms] [LOG] [Fast Refresh] rebuilding @ http://localhost:3001/_next/static/chunks/0yiu_next_dist_1j7u_zs._.js:2477
[   83506ms] [LOG] [Fast Refresh] done in 153ms @ http://localhost:3001/_next/static/chunks/0yiu_next_dist_1j7u_zs._.js:2477
[   88479ms] [LOG] [Fast Refresh] rebuilding @ http://localhost:3001/_next/static/chunks/0yiu_next_dist_1j7u_zs._.js:2477
[   88491ms] [LOG] [Fast Refresh] done in 113ms @ http://localhost:3001/_next/static/chunks/0yiu_next_dist_1j7u_zs._.js:2477
[   88641ms] [LOG] [Fast Refresh] rebuilding @ http://localhost:3001/_next/static/chunks/0yiu_next_dist_1j7u_zs._.js:2477
[   88661ms] [LOG] [Fast Refresh] done in 122ms @ http://localhost:3001/_next/static/chunks/0yiu_next_dist_1j7u_zs._.js:2477
[   98877ms] [LOG] [Fast Refresh] rebuilding @ http://localhost:3001/_next/static/chunks/0yiu_next_dist_1j7u_zs._.js:2477
[   98881ms] [LOG] [Fast Refresh] done in 106ms @ http://localhost:3001/_next/static/chunks/0yiu_next_dist_1j7u_zs._.js:2477
[   99385ms] [LOG] [Fast Refresh] rebuilding @ http://localhost:3001/_next/static/chunks/0yiu_next_dist_1j7u_zs._.js:2477
[   99428ms] [LOG] [Fast Refresh] done in 144ms @ http://localhost:3001/_next/static/chunks/0yiu_next_dist_1j7u_zs._.js:2477
[  113547ms] [LOG] [Fast Refresh] rebuilding @ http://localhost:3001/_next/static/chunks/0yiu_next_dist_1j7u_zs._.js:2477
[  113606ms] [LOG] [Fast Refresh] done in 160ms @ http://localhost:3001/_next/static/chunks/0yiu_next_dist_1j7u_zs._.js:2477
[  121783ms] [LOG] [Fast Refresh] rebuilding @ http://localhost:3001/_next/static/chunks/0yiu_next_dist_1j7u_zs._.js:2477
[  121810ms] [LOG] [Fast Refresh] done in 128ms @ http://localhost:3001/_next/static/chunks/0yiu_next_dist_1j7u_zs._.js:2477
