[     164ms] [INFO] %cDownload the React DevTools for a better development experience: https://react.dev/link/react-devtools font-weight:bold @ http://localhost:3001/_next/static/chunks/0yiu_next_dist_1j7u_zs._.js:2477
[     247ms] [LOG] [HMR] connected @ http://localhost:3001/_next/static/chunks/0yiu_next_dist_1j7u_zs._.js:2477
[    2104ms] [LOG] [Fast Refresh] rebuilding @ http://localhost:3001/_next/static/chunks/0yiu_next_dist_1j7u_zs._.js:2477
[    2109ms] [LOG] [Fast Refresh] done in 106ms @ http://localhost:3001/_next/static/chunks/0yiu_next_dist_1j7u_zs._.js:2477
[   31074ms] [LOG] [Fast Refresh] rebuilding @ http://localhost:3001/_next/static/chunks/0yiu_next_dist_1j7u_zs._.js:2477
[   31119ms] [LOG] [Fast Refresh] done in 145ms @ http://localhost:3001/_next/static/chunks/0yiu_next_dist_1j7u_zs._.js:2477
[   54105ms] [LOG] [Fast Refresh] rebuilding @ http://localhost:3001/_next/static/chunks/0yiu_next_dist_1j7u_zs._.js:2477
[   54133ms] [LOG] [Fast Refresh] done in 129ms @ http://localhost:3001/_next/static/chunks/0yiu_next_dist_1j7u_zs._.js:2477
[  108261ms] [LOG] [Fast Refresh] rebuilding @ http://localhost:3001/_next/static/chunks/0yiu_next_dist_1j7u_zs._.js:2477
[  108273ms] [LOG] [Fast Refresh] done in 114ms @ http://localhost:3001/_next/static/chunks/0yiu_next_dist_1j7u_zs._.js:2477
[ 1346720ms] [LOG] [Fast Refresh] rebuilding @ http://localhost:3001/_next/static/chunks/0yiu_next_dist_1j7u_zs._.js:2477
[ 1346885ms] [LOG] [Fast Refresh] done in 203ms @ http://localhost:3001/_next/static/chunks/0yiu_next_dist_1j7u_zs._.js:2477
[ 1346990ms] [LOG] [Fast Refresh] rebuilding @ http://localhost:3001/_next/static/chunks/0yiu_next_dist_1j7u_zs._.js:2477
[ 1346994ms] [LOG] [Fast Refresh] done in 104ms @ http://localhost:3001/_next/static/chunks/0yiu_next_dist_1j7u_zs._.js:2477
[ 1412243ms] [ERROR] ./src/components/landing/Landing.tsx:53:10
the name `formatPrice` is defined multiple times
  51 | ];
  52 |
> 53 | function formatPrice(value: number) {
     |          ^^^^^^^^^^^
  54 |   return value.toLocaleString("es-ES", {
  55 |     style: "currency",
  56 |     currency: "EUR",

Ecmascript file had an error

Import traces:
  Client Component Browser:
    ./src/components/landing/Landing.tsx [Client Component Browser]
    ./src/app/page.tsx [Client Component Browser]
    ./src/app/page.tsx [Server Component]

  Client Component SSR:
    ./src/components/landing/Landing.tsx [Client Component SSR]
    ./src/app/page.tsx [Client Component SSR]
    ./src/app/page.tsx [Server Component] @ http://localhost:3001/_next/static/chunks/0yiu_next_dist_1j7u_zs._.js:3318
[ 1412361ms] [ERROR] ./src/components/landing/Landing.tsx:53:10
the name `formatPrice` is defined multiple times
  51 | ];
  52 |
> 53 | function formatPrice(value: number) {
     |          ^^^^^^^^^^^
  54 |   return value.toLocaleString("es-ES", {
  55 |     style: "currency",
  56 |     currency: "EUR",

Ecmascript file had an error

Import traces:
  Client Component Browser:
    ./src/components/landing/Landing.tsx [Client Component Browser]
    ./src/app/page.tsx [Client Component Browser]
    ./src/app/page.tsx [Server Component]

  Client Component SSR:
    ./src/components/landing/Landing.tsx [Client Component SSR]
    ./src/app/page.tsx [Client Component SSR]
    ./src/app/page.tsx [Server Component] @ http://localhost:3001/_next/static/chunks/0yiu_next_dist_1j7u_zs._.js:3318
[ 1412381ms] [LOG] [Fast Refresh] rebuilding @ http://localhost:3001/_next/static/chunks/0yiu_next_dist_1j7u_zs._.js:2477
[ 1416924ms] [LOG] [Fast Refresh] rebuilding @ http://localhost:3001/_next/static/chunks/0yiu_next_dist_1j7u_zs._.js:2477
[ 1416973ms] [LOG] [Fast Refresh] done in 34ms @ http://localhost:3001/_next/static/chunks/0yiu_next_dist_1j7u_zs._.js:2477
